{
	"data": {
		"id": 1,
		"title": "Go to the market",
		"description": "Buy some foods and drinks"
	}
}