{
	"data": {
		"id": 1,
		"title": "Fill the gas tank",
		"description": "Go to the gas station and fill motorcycle's gas tank"
	}
}