{
	"data": {
		"id": 3930,
		"title": "Clean the floor",
		"description": "In 30 minutes"
	}
}